=== Timer-related files ===
src/app/(app)/logs/log-dialog.tsx
src/app/(app)/logs/log-timer-button.tsx
src/app/(app)/logs/logs-client.tsx
src/app/(app)/reports/heatmap.tsx

=== log-timer-button content ===
"use client"

import { useState, useEffect, useRef } from "react"
import { useRouter } from "next/navigation"
import { createClient } from "@/lib/supabase/client"
import { toast } from "sonner"
import { Button } from "@/components/ui/button"
import { Play, Pause, Square } from "lucide-react"

interface Props {
  logId: string
  hoursWorked: number
}

export function LogTimerButton({ logId, hoursWorked }: Props) {
  const [active, setActive] = useState(false)
  const [seconds, setSeconds] = useState(0)
  const intervalRef = useRef<NodeJS.Timeout | null>(null)
  const router = useRouter()
  const supabase = createClient()

  useEffect(() => {
    if (active) {
      intervalRef.current = setInterval(() => setSeconds((s) => s + 1), 1000)
    } else {
      if (intervalRef.current) clearInterval(intervalRef.current)
    }
    return () => { if (intervalRef.current) clearInterval(intervalRef.current) }
  }, [active])

  async function handleStop() {
    setActive(false)
    const addedHours = seconds / 3600
    const newHours = parseFloat((hoursWorked + addedHours).toFixed(2))
    setSeconds(0)

    const { error } = await supabase
      .from("daily_logs")
      .update({ hours_worked: newHours })
      .eq("id", logId)

    if (error) toast.error("Erro ao salvar tempo")
    else {
      toast.success(`+${(addedHours * 60).toFixed(0)}min adicionados às horas trabalhadas`)
      router.refresh()
    }
  }

  const pad = (n: number) => String(n).padStart(2, "0")
  const display = `${pad(Math.floor(seconds / 3600))}:${pad(Math.floor((seconds % 3600) / 60))}:${pad(seconds % 60)}`

  if (active) {
    return (
      <div className="flex items-center gap-1.5">
        <span className="font-mono text-xs tabular-nums text-orange-500 dark:text-orange-400 w-16">
          {display}
        </span>
        <Button
          variant="ghost"
          size="sm"
          className="h-7 w-7 p-0 text-orange-500 hover:text-orange-600"
          onClick={() => setActive(false)}
          title="Pausar"
        >
          <Pause className="w-3.5 h-3.5" />
        </Button>
        <Button
          variant="ghost"
          size="sm"
          className="h-7 w-7 p-0 text-red-500 hover:text-red-600"
          onClick={handleStop}
          title="Parar e salvar"
        >
          <Square className="w-3.5 h-3.5" />
        </Button>
      </div>
    )
  }

  return (
    <Button
      variant="ghost"
      size="sm"
      className="h-7 px-2 text-xs text-muted-foreground hover:text-green-600 hover:bg-green-50 dark:hover:bg-green-950"
      onClick={() => setActive(true)}
      title="Iniciar timer"
    >
      <Play className="w-3.5 h-3.5 mr-1" />
      {seconds > 0 ? display : "Timer"}
    </Button>
  )
}

=== Badge/notification related ===
src/app/(app)/automacoes/automacoes-client.tsx
src/app/(app)/clients/[id]/client-detail-client.tsx
src/app/(app)/dashboard/daily-view.tsx
src/app/(app)/dashboard/monthly-view.tsx
src/app/(app)/dashboard/page.tsx
src/app/(app)/dashboard/revenue-at-risk.tsx
src/app/(app)/diario/tracking-client.tsx
src/app/(app)/invoices/page.tsx
src/app/(app)/jobs/page.tsx
src/app/(app)/projetos/projects-client.tsx
src/app/(app)/projetos/[id]/project-client.tsx
src/app/api/cron/billing-reminders/route.ts
src/app/portal/[token]/page.tsx
src/components/ui/badge.tsx
src/lib/supabase/types.ts
src/lib/webhook-events.ts
